
> inkless-frontend@0.1.0 build
> next build

   Γû▓ Next.js 15.1.3

   Creating an optimized production build ...
node.exe : Failed to 
compile.
At C:\Program Files\n
odejs\npm.ps1:29 
char:3
+   & $NODE_EXE 
$NPM_CLI_JS $args
+   ~~~~~~~~~~~~~~~~~
~~~~~~~~~~~~
    + CategoryInfo   
           : NotSpe  
  cified: (Failed    
 to compile.:Stri    
ng) [], RemoteEx    
ception
    + FullyQualified 
   ErrorId : Native  
  CommandError
 

src\app\layout.tsx
An error occurred in 
`next/font`.

Error: Cannot find 
module 'autoprefixer'
Require stack:
- D:\work\Tar\PROJECT
S\INKLESS\frontend\no
de_modules\next\dist\
build\webpack\config\
blocks\css\plugins.js
- D:\work\Tar\PROJECT
S\INKLESS\frontend\no
de_modules\next\dist\
build\webpack\config\
blocks\css\index.js
- D:\work\Tar\PROJECT
S\INKLESS\frontend\no
de_modules\next\dist\
build\webpack\config\
index.js
- D:\work\Tar\PROJECT
S\INKLESS\frontend\no
de_modules\next\dist\
build\webpack-config.
js
- D:\work\Tar\PROJECT
S\INKLESS\frontend\no
de_modules\next\dist\
build\webpack-build\i
mpl.js
- D:\work\Tar\PROJECT
S\INKLESS\frontend\no
de_modules\next\dist\
compiled\jest-worker\
processChild.js
    at 
Module.<anonymous> (n
ode:internal/modules/
cjs/loader:1405:15)
    at D:\work\Tar\PR
OJECTS\INKLESS\fronte
nd\node_modules\next\
dist\server\require-h
ook.js:55:36
    at 
require.resolve (node
:internal/modules/hel
pers:145:19)
    at loadPlugin (D:
\work\Tar\PROJECTS\IN
KLESS\frontend\node_m
odules\next\dist\buil
d\webpack\config\bloc
ks\css\plugins.js:49:
32)
    at D:\work\Tar\PR
OJECTS\INKLESS\fronte
nd\node_modules\next\
dist\build\webpack\co
nfig\blocks\css\plugi
ns.js:157:56
    at Array.map 
(<anonymous>)
    at 
getPostCssPlugins (D:
\work\Tar\PROJECTS\IN
KLESS\frontend\node_m
odules\next\dist\buil
d\webpack\config\bloc
ks\css\plugins.js:157
:47)
    at async D:\work\
Tar\PROJECTS\INKLESS\
frontend\node_modules
\next\dist\build\webp
ack\config\blocks\css
\index.js:124:36
    at async D:\work\
Tar\PROJECTS\INKLESS\
frontend\node_modules
\next\dist\build\webp
ack\loaders\next-font
-loader\index.js:86:3
3
    at async 
Span.traceAsyncFn (D:
\work\Tar\PROJECTS\IN
KLESS\frontend\node_m
odules\next\dist\trac
e\trace.js:153:20)


> Build failed 
because of webpack 
errors
